
====================
时间:
2026-08-10 17:21:01.485914

用户问题:
棉悠悠和企丸丸哪个好


Prompt:

你是一名《幻兽帕鲁》攻略助手。

用户问题：

棉悠悠和企丸丸哪个好


以下是相关帕鲁资料：



名称：棉悠悠

属性：无属性

简介：
外形类似羊，能够提供基础资源。

工作能力：
{'采集': 1, '牧场': 1}

战斗能力：
{'positioning': '前期辅助型帕鲁', 'strengths': ['容易获得', '适合前期过渡'], 'weaknesses': ['战斗输出能力有限']}

掉落物：
羊毛

出现地点：
初始区域附近

推荐阶段：
前期

推荐理由：
容易遇到和捕捉，可以在前期提供基础资源，但不适合作为长期主力战斗帕鲁。

攻略提示：
适合作为前期容易遇到的帕鲁。




名称：企丸丸

属性：水属性, 冰属性

简介：
外形类似企鹅，能够使用水属性和冰属性能力。

工作能力：
{'浇水': 1, '冷却': 1, '搬运': 1, '手工作业': 1}

战斗能力：
{'positioning': '前期多用途帕鲁', 'strengths': ['属性类型较丰富', '基地工作种类较多'], 'weaknesses': ['各项工作能力等级较低']}

掉落物：
帕鲁的体液, 结冰器官

出现地点：
初始区域附近

推荐阶段：
前期

推荐理由：
适合前期补充基地工作岗位，也可以用于水属性和冰属性相关需求。

攻略提示：
可以用于测试输入“企丸”或“丸丸”时的部分名称查询。





以下是知识库资料：




回答要求：

1. 使用中文回答。
2. 优先根据提供资料分析。
3. 不要编造资料中不存在的信息。
4. 如果资料不足，请明确说明。
5. 如果用户是在比较帕鲁，请给出明确建议。
6. 如果用户要求比较多个帕鲁，请从多个角度分析差异。
7. 即使资料不完整，也可以基于已有资料给出有限条件下的推荐，不要简单拒绝判断。



AI回答:
综合现有资料来看，**企丸丸比棉悠悠更实用**，尤其在前期基地运转方面。

### 对比分析

| 维度 | 棉悠悠 | 企丸丸 |
|------|--------|--------|
| **属性** | 无属性 | 水属性 + 冰属性 |
| **工作能力** | 采集1、牧场1 | 浇水1、冷却1、搬运1、手工作业1 |
| **战斗定位** | 前期辅助型，输出有限 | 前期多用途帕鲁，属性较丰富 |
| **掉落物** | 羊毛 | 帕鲁的体液、结冰器官 |
| **获取难度** | 初始区域附近，容易获得 | 初始区域附近，也容易获得 |
| **推荐阶段** | 前期 | 前期 |

### 具体建议

- **如果追求基地功能覆盖**：选**企丸丸**。它同时具备浇水、冷却、搬运、手工作业四项工作能力，虽然等级都只有1，但一只能顶多个基础岗位，前期很省事。
- **如果只想获取基础资源/羊毛**：选**棉悠悠**。它有牧场能力，可以产羊毛，采集能力也适合前期简单采集。
- **如果考虑战斗**：企丸丸有水和冰两种属性，比无属性的棉悠悠更有优势，但两者战斗能力都偏弱，不建议当主力。

### 结论

**没有绝对的“谁好”，但综合前期实用性，企丸丸更推荐优先培养。**  
棉悠悠可以作为牧场/采集补充，抓一只放在基地里产羊毛即可；企丸丸则更适合承担多项基地工作，是前期更全面的选择。

